
> sam-taxi---premium-transport-toulon@0.0.0 build
> vite build

[36mvite v6.4.1 [32mbuilding for production...[36m[39m
transforming...
[32mÔ£ô[39m 18 modules transformed.
node.exe : 
[31mÔ£ù[39m Build 
failed in 494ms
Au caractère Ligne:1 
: 1
+ & "C:\Program Files
\nodejs/node.exe" "C:
\Users\nskad\AppData\
Roaming\ ...
+ ~~~~~~~~~~~~~~~~~~~
~~~~~~~~~~~~~~~~~~~~~
~~~~~~~~~~~~~~~~~~~~~
~~~~~~~~
    + CategoryInfo   
           : NotSpe  
  cified: ([31mÔ£   
 ù[39m Build fai    
led in 494ms:Str    
ing) [], RemoteE    
xception
    + FullyQualified 
   ErrorId : Native  
  CommandError
 
[31merror during 
build:
[31m[vite:esbuild] 
Transform failed 
with 2 errors:
C:/Users/nskad/Downlo
ads/sam-taxi---premiu
m-transport-toulon/co
mponents/BookingSecti
on.tsx:322:12: 
ERROR: Unexpected 
closing "form" tag 
does not match 
opening "div" tag
C:/Users/nskad/Downlo
ads/sam-taxi---premiu
m-transport-toulon/co
mponents/BookingSecti
on.tsx:323:10: 
ERROR: Unexpected 
closing "div" tag 
does not match 
opening "form" 
tag[31m
file: [36mC:/Users/n
skad/Downloads/sam-ta
xi---premium-transpor
t-toulon/components/B
ookingSection.tsx:322
:12[31m
[33m
[33mUnexpected 
closing "form" tag 
does not match 
opening "div" 
tag[33m
320|                 
 Pas d'acompte 
requis pour les 
r├®servations locales
321|                
</p>
322|            
</form>
   |              ^
323|          </div>
324|        </div>

[33mUnexpected 
closing "div" tag 
does not match 
opening "form" 
tag[33m
321|                
</p>
322|            
</form>
323|          </div>
   |            ^
324|        </div>
325|      </div>
[31m
    at 
failureErrorWithLog (
C:\Users\nskad\Downlo
ads\sam-taxi---premiu
m-transport-toulon\no
de_modules\esbuild\li
b\main.js:1467:15)
    at C:\Users\nskad
\Downloads\sam-taxi--
-premium-transport-to
ulon\node_modules\esb
uild\lib\main.js:736:
50
    at responseCallba
cks.<computed> (C:\Us
ers\nskad\Downloads\s
am-taxi---premium-tra
nsport-toulon\node_mo
dules\esbuild\lib\mai
n.js:603:9)
    at 
handleIncomingPacket 
(C:\Users\nskad\Downl
oads\sam-taxi---premi
um-transport-toulon\n
ode_modules\esbuild\l
ib\main.js:658:12)
    at Socket.readFro
mStdout (C:\Users\nsk
ad\Downloads\sam-taxi
---premium-transport-
toulon\node_modules\e
sbuild\lib\main.js:58
1:7)
    at Socket.emit 
(node:events:508:28)
    at addChunk (node
:internal/streams/rea
dable:559:12)
    at readableAddChu
nkPushByteMode (node:
internal/streams/read
able:510:3)
    at Readable.push 
(node:internal/stream
s/readable:390:5)
    at 
Pipe.onStreamRead (no
de:internal/stream_ba
se_commons:189:23)[3
9m
